// Jest Snapshot v1, https://goo.gl/fbAQLP

exports[`log Ensure log methods renders Error objects correctly 1`] = `
"{\\"level\\":30,\\"time\\":1234,\\"msg\\":\\"\\",\\"err\\":{\\"type\\":\\"Error\\",\\"message\\":\\"Example error\\",\\"stack\\":\\"Error: Example error\\\\n    at Object.<anonymous> (/Volumes/Data/kth/e-larande/skog/packages/skog-pino/__tests__/skogMiddleware.test.ts:86:13)\\\\n    at Promise.then.completed (/Volumes/Data/kth/e-larande/skog/node_modules/jest-circus/build/utils.js:391:28)\\\\n    at new Promise (<anonymous>)\\\\n    at callAsyncCircusFn (/Volumes/Data/kth/e-larande/skog/node_modules/jest-circus/build/utils.js:316:10)\\\\n    at _callCircusTest (/Volumes/Data/kth/e-larande/skog/node_modules/jest-circus/build/run.js:218:40)\\\\n    at processTicksAndRejections (node:internal/process/task_queues:96:5)\\\\n    at _runTest (/Volumes/Data/kth/e-larande/skog/node_modules/jest-circus/build/run.js:155:3)\\\\n    at _runTestsForDescribeBlock (/Volumes/Data/kth/e-larande/skog/node_modules/jest-circus/build/run.js:66:9)\\\\n    at _runTestsForDescribeBlock (/Volumes/Data/kth/e-larande/skog/node_modules/jest-circus/build/run.js:60:9)\\\\n    at run (/Volumes/Data/kth/e-larande/skog/node_modules/jest-circus/build/run.js:25:3)\\"},\\"msg\\":\\"Example error\\"}
"
`;

exports[`log Ensure log methods renders Error objects correctly 2`] = `
"{\\"level\\":30,\\"time\\":1234,\\"msg\\":\\"Custom message\\",\\"err\\":{\\"type\\":\\"Error\\",\\"message\\":\\"Example error\\",\\"stack\\":\\"Error: Example error\\\\n    at Object.<anonymous> (/Volumes/Data/kth/e-larande/skog/packages/skog-pino/__tests__/skogMiddleware.test.ts:86:13)\\\\n    at Promise.then.completed (/Volumes/Data/kth/e-larande/skog/node_modules/jest-circus/build/utils.js:391:28)\\\\n    at new Promise (<anonymous>)\\\\n    at callAsyncCircusFn (/Volumes/Data/kth/e-larande/skog/node_modules/jest-circus/build/utils.js:316:10)\\\\n    at _callCircusTest (/Volumes/Data/kth/e-larande/skog/node_modules/jest-circus/build/run.js:218:40)\\\\n    at processTicksAndRejections (node:internal/process/task_queues:96:5)\\\\n    at _runTest (/Volumes/Data/kth/e-larande/skog/node_modules/jest-circus/build/run.js:155:3)\\\\n    at _runTestsForDescribeBlock (/Volumes/Data/kth/e-larande/skog/node_modules/jest-circus/build/run.js:66:9)\\\\n    at _runTestsForDescribeBlock (/Volumes/Data/kth/e-larande/skog/node_modules/jest-circus/build/run.js:60:9)\\\\n    at run (/Volumes/Data/kth/e-larande/skog/node_modules/jest-circus/build/run.js:25:3)\\"},\\"msg\\":\\"Example error\\"}
"
`;

exports[`log Ensure log methods renders Error objects within a context 1`] = `
"{\\"level\\":30,\\"time\\":1234,\\"msg\\":\\"\\",\\"err\\":{\\"type\\":\\"Error\\",\\"message\\":\\"Example error\\",\\"stack\\":\\"Error: Example error\\\\n    at /Volumes/Data/kth/e-larande/skog/packages/skog-pino/__tests__/skogMiddleware.test.ts:102:15\\\\n    at /Volumes/Data/kth/e-larande/skog/packages/skog-core/src/asyncContext.ts:58:12\\\\n    at /Volumes/Data/kth/e-larande/skog/packages/skog-core/src/asyncContext.ts:45:64\\\\n    at AsyncLocalStorage.run (node:async_hooks:320:14)\\\\n    at /Volumes/Data/kth/e-larande/skog/packages/skog-core/src/asyncContext.ts:45:27\\\\n    at runWithSkogContext (/Volumes/Data/kth/e-larande/skog/packages/skog-core/src/asyncContext.ts:59:5)\\\\n    at Object.<anonymous> (/Volumes/Data/kth/e-larande/skog/packages/skog-pino/__tests__/skogMiddleware.test.ts:100:23)\\\\n    at Promise.then.completed (/Volumes/Data/kth/e-larande/skog/node_modules/jest-circus/build/utils.js:391:28)\\\\n    at new Promise (<anonymous>)\\\\n    at callAsyncCircusFn (/Volumes/Data/kth/e-larande/skog/node_modules/jest-circus/build/utils.js:316:10)\\"},\\"id\\":1,\\"msg\\":\\"Example error\\"}
"
`;

exports[`log Ensure log methods renders Error objects within a context 2`] = `
"{\\"level\\":30,\\"time\\":1234,\\"msg\\":\\"Custom message\\",\\"err\\":{\\"type\\":\\"Error\\",\\"message\\":\\"Example error\\",\\"stack\\":\\"Error: Example error\\\\n    at /Volumes/Data/kth/e-larande/skog/packages/skog-pino/__tests__/skogMiddleware.test.ts:102:15\\\\n    at /Volumes/Data/kth/e-larande/skog/packages/skog-core/src/asyncContext.ts:58:12\\\\n    at /Volumes/Data/kth/e-larande/skog/packages/skog-core/src/asyncContext.ts:45:64\\\\n    at AsyncLocalStorage.run (node:async_hooks:320:14)\\\\n    at /Volumes/Data/kth/e-larande/skog/packages/skog-core/src/asyncContext.ts:45:27\\\\n    at runWithSkogContext (/Volumes/Data/kth/e-larande/skog/packages/skog-core/src/asyncContext.ts:59:5)\\\\n    at Object.<anonymous> (/Volumes/Data/kth/e-larande/skog/packages/skog-pino/__tests__/skogMiddleware.test.ts:100:23)\\\\n    at Promise.then.completed (/Volumes/Data/kth/e-larande/skog/node_modules/jest-circus/build/utils.js:391:28)\\\\n    at new Promise (<anonymous>)\\\\n    at callAsyncCircusFn (/Volumes/Data/kth/e-larande/skog/node_modules/jest-circus/build/utils.js:316:10)\\"},\\"id\\":1,\\"msg\\":\\"Example error\\"}
"
`;
